[templatekit.jegtheme.com/robbie-and-magie/index.html]
[backblue.gif]
[fade.gif]
[index.html]
[templatekit.jegtheme.com/robbie-and-magie/wp-content/plugins/bdthemes-element-pack-lite/assets/css/bdt-uikit2916.css]
[templatekit.jegtheme.com/robbie-and-magie/wp-content/plugins/bdthemes-element-pack-lite/assets/css/ep-helperd227.css]
[templatekit.jegtheme.com/robbie-and-magie/feed/index.html]
[templatekit.jegtheme.com/robbie-and-magie/wp-content/plugins/jeg-elementor-kit/assets/css/elements/main61da.css]
[templatekit.jegtheme.com/robbie-and-magie/comments/feed/index.html]
[templatekit.jegtheme.com/robbie-and-magie/wp-includes/css/dist/block-library/style.min6fb3.css]
[templatekit.jegtheme.com/robbie-and-magie/wp-includes/css/classic-themes.min68b3.css]
[templatekit.jegtheme.com/robbie-and-magie/wp-content/plugins/allow-webp-image/public/css/allow-webp-image-publicf269.css]
[templatekit.jegtheme.com/robbie-and-magie/wp-content/plugins/template-kit-export/public/assets/css/template-kit-export-public.min365c.css]
[templatekit.jegtheme.com/robbie-and-magie/wp-content/plugins/header-footer-elementor/assets/css/header-footer-elementor1f62.css]
[templatekit.jegtheme.com/robbie-and-magie/wp-content/plugins/elementor/assets/lib/eicons/css/elementor-icons.min192d.css]
[templatekit.jegtheme.com/robbie-and-magie/wp-content/plugins/elementor/assets/lib/swiper/css/swiper.min48f5.css]
[templatekit.jegtheme.com/robbie-and-magie/wp-content/plugins/elementor/assets/css/frontend.minafc7.css]
[templatekit.jegtheme.com/robbie-and-magie/wp-content/uploads/sites/5/elementor/css/post-6e996.css]
[templatekit.jegtheme.com/robbie-and-magie/wp-content/plugins/elementor-pro/assets/css/frontend.minfb6f.css]
[templatekit.jegtheme.com/robbie-and-magie/wp-content/uploads/sites/5/elementor/css/global9a79.css]
[templatekit.jegtheme.com/robbie-and-magie/wp-content/uploads/sites/5/elementor/css/post-49847.css]
[templatekit.jegtheme.com/robbie-and-magie/wp-content/plugins/header-footer-elementor/inc/widgets-css/frontend1f62.css]
[templatekit.jegtheme.com/robbie-and-magie/wp-content/plugins/elementor/assets/lib/font-awesome/css/all.minafc7.css]
[templatekit.jegtheme.com/robbie-and-magie/wp-content/plugins/elementor/assets/lib/font-awesome/css/v4-shims.minafc7.css]
[templatekit.jegtheme.com/robbie-and-magie/wp-content/themes/hello-elementor/style.minc141.css]
[templatekit.jegtheme.com/robbie-and-magie/wp-content/themes/hello-elementor/theme.minc141.css]
[templatekit.jegtheme.com/robbie-and-magie/wp-content/plugins/elementskit-lite/modules/elementskit-icon-pack/assets/css/ekiticons42e1.css]
[templatekit.jegtheme.com/robbie-and-magie/wp-content/plugins/elementskit-lite/widgets/init/assets/css/widget-styles42e1.css]
[templatekit.jegtheme.com/robbie-and-magie/wp-content/plugins/elementskit-lite/widgets/init/assets/css/responsive42e1.css]
[templatekit.jegtheme.com/robbie-and-magie/wp-content/plugins/elementor/assets/lib/font-awesome/css/fontawesome.min52d5.css]
[templatekit.jegtheme.com/robbie-and-magie/wp-content/plugins/elementor/assets/lib/font-awesome/css/brands.min52d5.css]
[templatekit.jegtheme.com/robbie-and-magie/wp-content/plugins/elementor/assets/lib/font-awesome/css/solid.min52d5.css]
[templatekit.jegtheme.com/robbie-and-magie/wp-includes/js/jquery/jquery.mina7a0.js]
[templatekit.jegtheme.com/robbie-and-magie/wp-includes/js/jquery/jquery-migrate.mind617.js]
[templatekit.jegtheme.com/robbie-and-magie/wp-content/plugins/allow-webp-image/public/js/allow-webp-image-publicf269.js]
[templatekit.jegtheme.com/robbie-and-magie/wp-content/plugins/template-kit-export/public/assets/js/template-kit-export-public.min365c.js]
[templatekit.jegtheme.com/robbie-and-magie/wp-content/plugins/elementor/assets/lib/font-awesome/js/v4-shims.minafc7.js]
[templatekit.jegtheme.com/robbie-and-magie/wp-json/wp/v2/pages/4.json]
[templatekit.jegtheme.com/robbie-and-magie/wp-json/index.html]
[templatekit.jegtheme.com/robbie-and-magie/xmlrpc0db0.php]
[templatekit.jegtheme.com/robbie-and-magie/wp-includes/wlwmanifest.xml]
[templatekit.jegtheme.com/robbie-and-magie/wp-json/oembed/1.0/embed9ebd.json]
[templatekit.jegtheme.com/robbie-and-magie/wp-json/oembed/1.0/embedaddd]
[templatekit.jegtheme.com/robbie-and-magie/wp-content/uploads/sites/5/2020/07/logo-white@2x.png]
[templatekit.jegtheme.com/robbie-and-magie/wp-content/uploads/sites/5/2020/07/ornamen-18.png]
[templatekit.jegtheme.com/robbie-and-magie/home-2/index.html]
[templatekit.jegtheme.com/robbie-and-magie/rsvp/index.html]
[templatekit.jegtheme.com/robbie-and-magie/bridesmaids-groomsmen/index.html]
[templatekit.jegtheme.com/robbie-and-magie/wp-content/uploads/sites/5/2020/07/ornament-768x114.png]
[templatekit.jegtheme.com/robbie-and-magie/gallery/index.html]
[templatekit.jegtheme.com/robbie-and-magie/blog/index.html]
[templatekit.jegtheme.com/robbie-and-magie/our-story/index.html]
[templatekit.jegtheme.com/robbie-and-magie/gallery-justified/index.html]
[templatekit.jegtheme.com/robbie-and-magie/wp-content/uploads/sites/5/2020/07/handsome-young-groom-P8PKW7A-1-e1595735354199.jpg]
[templatekit.jegtheme.com/robbie-and-magie/contact/index.html]
[templatekit.jegtheme.com/robbie-and-magie/wp-content/uploads/sites/5/2020/07/beautiful-young-bride-at-sunset-in-green-nature-PDXVRCK-1-e1595822326692.jpg]
[templatekit.jegtheme.com/robbie-and-magie/contact-2/index.html]
[templatekit.jegtheme.com/robbie-and-magie/wp-content/uploads/sites/5/2020/07/beautiful-bride-and-groom-at-sunset-in-green-natur-PG3HH65-gallery.jpg]
[templatekit.jegtheme.com/robbie-and-magie/wp-content/uploads/sites/5/2020/07/handsome-young-groom-P8PKW7A-gallery.jpg]
[templatekit.jegtheme.com/robbie-and-magie/wp-content/uploads/sites/5/2020/07/beautiful-bride-and-groom-at-sunset-in-green-natur-P8VNZSM-gallery-e1595735454324.jpg]
[templatekit.jegtheme.com/robbie-and-magie/wp-content/uploads/sites/5/2020/07/beautiful-bride-and-groom-in-green-nature-PAC7T89-gallery-e1595735562506.jpg]
[templatekit.jegtheme.com/robbie-and-magie/wp-content/uploads/sites/5/2020/07/beautiful-young-bride-at-sunset-in-green-nature-PGX3LES-galery.jpg]
[templatekit.jegtheme.com/robbie-and-magie/wp-content/uploads/sites/5/2020/07/beautiful-bride-and-groom-in-green-nature-PZEK3PS-gallery.jpg]
[templatekit.jegtheme.com/robbie-and-magie/wp-content/uploads/sites/5/2020/07/logo@2x.png]
[templatekit.jegtheme.com/robbie-and-magie/wp-content/uploads/sites/5/elementor/thumbs/3d-rendering-luxury-modern-bedroom-suite-in-hotel-2-e1595822635358-owxzqte7bsziy7xz8c39fl3dcp0gozkaz5mubfqfcw.2f.dela]
[templatekit.jegtheme.com/robbie-and-magie/wp-content/uploads/sites/5/elementor/thumbs/3d-rendering-beautiful-luxury-bedroom-suite-in-hotel-with-tv-1-e1595822674235-owxzqv9vph23lfv8xcwikkmajgr74drrnext9zn]
[templatekit.jegtheme.com/robbie-and-magie/wp-content/plugins/elementor/assets/lib/e-gallery/css/e-gallery.min7359.css]
[templatekit.jegtheme.com/robbie-and-magie/wp-content/plugins/elementor/assets/lib/animations/animations.minafc7.css]
[templatekit.jegtheme.com/robbie-and-magie/wp-content/uploads/sites/5/elementor/thumbs/3d-rendering-luxury-modern-bedroom-suite-in-hotel-e1595822766166-owxzqv9vph23lfv8xcwikkmajgr74drrnext9znn0g.31.delaye]
[templatekit.jegtheme.com/robbie-and-magie/wp-content/plugins/elementskit-lite/libs/framework/assets/js/frontend-script42e1.js]
[templatekit.jegtheme.com/robbie-and-magie/wp-content/plugins/elementskit-lite/widgets/init/assets/js/widget-scripts42e1.js]
[templatekit.jegtheme.com/robbie-and-magie/wp-content/plugins/elementor/assets/js/webpack.runtime.minafc7.js]
[templatekit.jegtheme.com/robbie-and-magie/wp-content/plugins/elementor/assets/js/frontend-modules.minafc7.js]
[templatekit.jegtheme.com/robbie-and-magie/wp-content/plugins/elementor/assets/lib/waypoints/waypoints.min05da.js]
[templatekit.jegtheme.com/robbie-and-magie/wp-includes/js/jquery/ui/core.min3f14.js]
[templatekit.jegtheme.com/robbie-and-magie/wp-content/plugins/elementor/assets/js/frontend.minafc7.js]
[templatekit.jegtheme.com/robbie-and-magie/wp-content/plugins/jeg-elementor-kit/assets/js/elements/sticky-element61da.js]
[templatekit.jegtheme.com/robbie-and-magie/wp-content/plugins/elementor-pro/assets/lib/smartmenus/jquery.smartmenus.minf269.js]
[templatekit.jegtheme.com/robbie-and-magie/indexe2f2.html]
[templatekit.jegtheme.com/robbie-and-magie/wp-content/plugins/elementor/assets/lib/e-gallery/js/e-gallery.min7359.js]
[templatekit.jegtheme.com/robbie-and-magie/wp-content/plugins/bdthemes-element-pack-lite/assets/js/bdt-uikit.min2916.js]
[templatekit.jegtheme.com/robbie-and-magie/wp-content/plugins/bdthemes-element-pack-lite/assets/js/common/helper.mind227.js]
[templatekit.jegtheme.com/robbie-and-magie/wp-content/plugins/elementor-pro/assets/js/webpack-pro.runtime.minfb6f.js]
[templatekit.jegtheme.com/robbie-and-magie/wp-includes/js/dist/vendor/regenerator-runtime.min3937.js]
[templatekit.jegtheme.com/robbie-and-magie/wp-includes/js/dist/vendor/wp-polyfill.min2c7c.js]
[templatekit.jegtheme.com/robbie-and-magie/wp-includes/js/dist/hooks.min6c65.js]
[templatekit.jegtheme.com/robbie-and-magie/wp-includes/js/dist/i18n.mine57b.js]
[templatekit.jegtheme.com/robbie-and-magie/wp-content/plugins/elementor-pro/assets/js/frontend.minfb6f.js]
[templatekit.jegtheme.com/robbie-and-magie/wp-content/plugins/elementor-pro/assets/js/elements-handlers.minfb6f.js]
[templatekit.jegtheme.com/robbie-and-magie/wp-content/plugins/elementskit-lite/widgets/init/assets/js/animate-circle42e1.js]
[templatekit.jegtheme.com/robbie-and-magie/wp-content/plugins/elementskit-lite/widgets/init/assets/js/elementor42e1.js]
[templatekit.jegtheme.com/robbie-and-magie/wp-content/plugins/elementor/assets/lib/swiper/swiper.min42e1.js]
[templatekit.jegtheme.com/robbie-and-magie/index.html]
[templatekit.jegtheme.com/robbie-and-magie/wp-content/plugins/bdthemes-element-pack-lite/assets/css/bdt-uikit2916.css]
[templatekit.jegtheme.com/robbie-and-magie/wp-content/plugins/bdthemes-element-pack-lite/assets/images/loading.svg]
[templatekit.jegtheme.com/robbie-and-magie/wp-content/plugins/bdthemes-element-pack-lite/assets/css/ep-helperd227.css]
[templatekit.jegtheme.com/robbie-and-magie/wp-content/plugins/jeg-elementor-kit/assets/img/letter-x.svg]
[templatekit.jegtheme.com/robbie-and-magie/wp-content/plugins/jeg-elementor-kit/assets/css/elements/main61da.css]
[templatekit.jegtheme.com/robbie-and-magie/wp-includes/css/dist/block-library/style.min6fb3.css]
[templatekit.jegtheme.com/robbie-and-magie/wp-includes/css/classic-themes.min68b3.css]
[templatekit.jegtheme.com/robbie-and-magie/wp-content/plugins/allow-webp-image/public/css/allow-webp-image-publicf269.css]
[templatekit.jegtheme.com/robbie-and-magie/wp-content/plugins/template-kit-export/public/assets/css/template-kit-export-public.min365c.css]
[templatekit.jegtheme.com/robbie-and-magie/wp-content/plugins/header-footer-elementor/assets/css/header-footer-elementor1f62.css]
[templatekit.jegtheme.com/robbie-and-magie/wp-content/plugins/elementor/assets/lib/eicons/fonts/eicons9506.eot]
[templatekit.jegtheme.com/robbie-and-magie/wp-content/plugins/elementor/assets/lib/eicons/fonts/eicons9506.woff2]
[templatekit.jegtheme.com/robbie-and-magie/wp-content/plugins/elementor/assets/lib/eicons/fonts/eicons9506.woff]
[templatekit.jegtheme.com/robbie-and-magie/wp-content/plugins/elementor/assets/lib/eicons/fonts/eicons9506.ttf]
[templatekit.jegtheme.com/robbie-and-magie/wp-content/plugins/elementor/assets/lib/eicons/css/elementor-icons.min192d.css]
[templatekit.jegtheme.com/robbie-and-magie/wp-content/plugins/elementor/assets/css/frontend.minafc7.css]
[templatekit.jegtheme.com/robbie-and-magie/wp-content/plugins/elementor/assets/lib/swiper/css/swiper.min48f5.css]
[templatekit.jegtheme.com/robbie-and-magie/wp-content/uploads/sites/5/elementor/css/post-6e996.css]
[templatekit.jegtheme.com/robbie-and-magie/wp-content/plugins/elementor-pro/assets/css/frontend.minfb6f.css]
[templatekit.jegtheme.com/robbie-and-magie/wp-content/uploads/sites/5/elementor/css/global9a79.css]
[templatekit.jegtheme.com/robbie-and-magie/wp-content/uploads/sites/5/2020/07/leaf-ornament.png]
[templatekit.jegtheme.com/robbie-and-magie/wp-content/plugins/elementor/assets/lib/eicons/fonts/eicons9506.svg]
[templatekit.jegtheme.com/robbie-and-magie/wp-content/uploads/sites/5/elementor/css/post-49847.css]
[templatekit.jegtheme.com/robbie-and-magie/wp-content/plugins/header-footer-elementor/inc/widgets-css/frontend1f62.css]
[templatekit.jegtheme.com/robbie-and-magie/wp-content/uploads/sites/5/2020/06/wedding-rings-e1595822595697.jpg]
[templatekit.jegtheme.com/robbie-and-magie/wp-content/uploads/sites/5/2020/07/bg-brush-scaled.jpg]
[templatekit.jegtheme.com/robbie-and-magie/wp-content/plugins/elementor/assets/lib/font-awesome/webfonts/fa-brands-400.eot]
[templatekit.jegtheme.com/robbie-and-magie/wp-content/plugins/elementor/assets/lib/font-awesome/webfonts/fa-brands-400.woff2]
[templatekit.jegtheme.com/robbie-and-magie/wp-content/plugins/elementor/assets/lib/font-awesome/webfonts/fa-brands-400d41d.eot]
[templatekit.jegtheme.com/robbie-and-magie/wp-content/plugins/elementor/assets/lib/font-awesome/webfonts/fa-brands-400.woff]
[templatekit.jegtheme.com/robbie-and-magie/wp-content/plugins/elementor/assets/lib/font-awesome/webfonts/fa-brands-400.ttf]
[templatekit.jegtheme.com/robbie-and-magie/wp-content/plugins/elementor/assets/lib/font-awesome/webfonts/fa-brands-400.svg]
[templatekit.jegtheme.com/robbie-and-magie/wp-content/plugins/elementor/assets/lib/font-awesome/webfonts/fa-regular-400.eot]
[templatekit.jegtheme.com/robbie-and-magie/wp-content/plugins/elementor/assets/lib/font-awesome/webfonts/fa-regular-400d41d.eot]
[templatekit.jegtheme.com/robbie-and-magie/wp-content/plugins/elementor/assets/lib/font-awesome/webfonts/fa-regular-400.woff2]
[templatekit.jegtheme.com/robbie-and-magie/wp-content/plugins/elementor/assets/lib/font-awesome/webfonts/fa-regular-400.woff]
[templatekit.jegtheme.com/robbie-and-magie/wp-content/plugins/elementor/assets/lib/font-awesome/webfonts/fa-regular-400.ttf]
[templatekit.jegtheme.com/robbie-and-magie/wp-content/plugins/elementor/assets/lib/font-awesome/webfonts/fa-regular-400.svg]
[templatekit.jegtheme.com/robbie-and-magie/wp-content/plugins/elementor/assets/lib/font-awesome/webfonts/fa-solid-900.eot]
[templatekit.jegtheme.com/robbie-and-magie/wp-content/plugins/elementor/assets/lib/font-awesome/webfonts/fa-solid-900d41d.eot]
[templatekit.jegtheme.com/robbie-and-magie/wp-content/plugins/elementor/assets/lib/font-awesome/webfonts/fa-solid-900.woff2]
[templatekit.jegtheme.com/robbie-and-magie/wp-content/plugins/elementor/assets/lib/font-awesome/webfonts/fa-solid-900.woff]
[templatekit.jegtheme.com/robbie-and-magie/wp-content/plugins/elementor/assets/lib/font-awesome/webfonts/fa-solid-900.ttf]
[templatekit.jegtheme.com/robbie-and-magie/wp-content/plugins/elementor/assets/lib/font-awesome/css/all.minafc7.css]
[templatekit.jegtheme.com/robbie-and-magie/wp-content/plugins/elementor/assets/lib/font-awesome/css/v4-shims.minafc7.css]
[templatekit.jegtheme.com/robbie-and-magie/wp-content/themes/hello-elementor/style.minc141.css]
[templatekit.jegtheme.com/robbie-and-magie/wp-content/themes/hello-elementor/theme.minc141.css]
[templatekit.jegtheme.com/robbie-and-magie/wp-content/plugins/elementor/assets/lib/font-awesome/webfonts/fa-solid-900.svg]
[templatekit.jegtheme.com/robbie-and-magie/wp-content/plugins/elementskit-lite/modules/elementskit-icon-pack/assets/css/ekiticons42e1.css]
[templatekit.jegtheme.com/robbie-and-magie/wp-content/plugins/elementskit-lite/modules/elementskit-icon-pack/assets/fonts/elementskit97ac.woff]
[templatekit.jegtheme.com/robbie-and-magie/wp-content/plugins/elementskit-lite/widgets/init/assets/img/arrow.png]
[templatekit.jegtheme.com/robbie-and-magie/wp-content/plugins/elementskit-lite/widgets/init/assets/img/sort_asc.png]
[templatekit.jegtheme.com/robbie-and-magie/wp-content/plugins/elementskit-lite/widgets/init/assets/img/sort_desc.png]
[templatekit.jegtheme.com/robbie-and-magie/wp-content/plugins/elementskit-lite/widgets/init/assets/img/sort_asc_disabled.png]
[templatekit.jegtheme.com/robbie-and-magie/wp-content/plugins/elementskit-lite/widgets/init/assets/img/cross-out.svg]
[templatekit.jegtheme.com/robbie-and-magie/wp-content/plugins/elementskit-lite/widgets/init/assets/css/widget-styles42e1.css]
[templatekit.jegtheme.com/robbie-and-magie/wp-content/plugins/elementskit-lite/widgets/init/assets/css/responsive42e1.css]
[templatekit.jegtheme.com/robbie-and-magie/wp-content/plugins/elementor/assets/lib/font-awesome/css/fontawesome.min52d5.css]
[templatekit.jegtheme.com/robbie-and-magie/wp-content/plugins/elementor/assets/lib/font-awesome/css/brands.min52d5.css]
[templatekit.jegtheme.com/robbie-and-magie/wp-content/plugins/elementor/assets/lib/font-awesome/css/solid.min52d5.css]
[templatekit.jegtheme.com/robbie-and-magie/xmlrpc0db0.html]
[templatekit.jegtheme.com/robbie-and-magie/home/index.html]
[templatekit.jegtheme.com/robbie-and-magie/wp-content/uploads/sites/5/elementor/css/post-507a9a7.css]
[templatekit.jegtheme.com/robbie-and-magie/wp-json/wp/v2/pages/507.json]
[templatekit.jegtheme.com/robbie-and-magie/wp-json/oembed/1.0/embed0b4c.json]
[templatekit.jegtheme.com/robbie-and-magie/wp-json/oembed/1.0/embed3d81]
[templatekit.jegtheme.com/robbie-and-magie/wp-content/uploads/sites/5/2020/07/handsome-young-groom-P8PKW7A-square-e1595735390776.jpg]
[templatekit.jegtheme.com/robbie-and-magie/wp-content/uploads/sites/5/2020/07/beautiful-young-bride-at-sunset-in-green-nature-PDXVRCK-square.jpg]
[templatekit.jegtheme.com/robbie-and-magie/wp-content/uploads/sites/5/2020/07/beautiful-bride-and-groom-on-a-meadow-in-the-eveni-P8TUGS9-gallery.jpg]
[templatekit.jegtheme.com/robbie-and-magie/wp-content/uploads/sites/5/2020/07/beautiful-bride-and-groom-at-sunset-in-green-natur-PS3WDVS-e1595735646274.jpg]
[templatekit.jegtheme.com/robbie-and-magie/wp-content/uploads/sites/5/2020/07/beautiful-young-bride-at-sunset-in-green-nature-PDXVRCK-e1595822394591.jpg]
[templatekit.jegtheme.com/robbie-and-magie/wp-content/uploads/sites/5/2020/07/beautiful-bride-and-groom-at-sunset-in-green-natur-PZ6Q2F6-e1595822476276.jpg]
[templatekit.jegtheme.com/robbie-and-magie/crazy-easy-steps-to-creating-your-wedding-budget/index.html]
[templatekit.jegtheme.com/robbie-and-magie/wp-content/uploads/sites/5/2020/07/bride-and-groom-cutting-cake-on-wedding-reception-e1595822189364.jpg]
[templatekit.jegtheme.com/robbie-and-magie/our-big-family-finally-gathered/index.html]
[templatekit.jegtheme.com/robbie-and-magie/wp-content/uploads/sites/5/2020/07/bride-groom-with-guests-taking-selfie-at-wedding-reception-outside-in-the-backyard--e1595822216372.jpg]
[templatekit.jegtheme.com/robbie-and-magie/outdoor-pre-wedding-shoot-locations-in-bali/index.html]
[templatekit.jegtheme.com/robbie-and-magie/wp-content/uploads/sites/5/2020/07/elegant-wedding-arch-in-olive-trees-park-e1595822244465.jpg]
[templatekit.jegtheme.com/robbie-and-magie/wp-includes/js/imagesloaded.mineda1.js]
[templatekit.jegtheme.com/robbie-and-magie/home-2/index.html]
[templatekit.jegtheme.com/robbie-and-magie/wp-content/uploads/sites/5/elementor/css/post-8757f04.css]
[templatekit.jegtheme.com/robbie-and-magie/wp-json/wp/v2/pages/875.json]
[templatekit.jegtheme.com/robbie-and-magie/wp-json/oembed/1.0/embeda4a6.json]
[templatekit.jegtheme.com/robbie-and-magie/wp-json/oembed/1.0/embedc4a8]
[templatekit.jegtheme.com/robbie-and-magie/wp-content/uploads/sites/5/2020/06/young-handsome-latin-man-with-glass-of-wine-dreamily-holding-wedding-ring-in-restaurant-outdoor-e1595815518325.jpg]
[templatekit.jegtheme.com/robbie-and-magie/wp-content/uploads/sites/5/elementor/thumbs/beautiful-smiling-bride-woman-with-long-curly-hair-3P6FGVW-scaled-e1595815841498-owxzqubwn7w7qzy93ce4lz5ekexptfriz2xb]
[templatekit.jegtheme.com/robbie-and-magie/wp-content/uploads/sites/5/elementor/thumbs/brunette-bride-in-fashion-white-wedding-dress-with-PA5QKFF-scaled-e1595815789485-owxzqte2gduxfdzm8tzi1hdxz12clqnsmy9t]
[templatekit.jegtheme.com/robbie-and-magie/wp-content/uploads/sites/5/elementor/thumbs/beautiful-bride-in-white-wedding-dress-puts-on-ear-PZCF8HN-1-scaled-e1595815884223-owxzqubwn7w7qzy93ce4lz5ekexptfriz2]
[templatekit.jegtheme.com/robbie-and-magie/wp-content/uploads/sites/5/2020/07/groom-waiting-for-the-bride-PJKKGHS-scaled-e1595815559834.jpg]
[templatekit.jegtheme.com/robbie-and-magie/bridesmaids-groomsmen/index.html]
[templatekit.jegtheme.com/robbie-and-magie/wp-content/uploads/sites/5/2020/07/groom-in-a-park-BV9JK4L-scaled-e1595815595138.jpg]
[templatekit.jegtheme.com/robbie-and-magie/wp-content/uploads/sites/5/elementor/css/post-926582c.css]
[templatekit.jegtheme.com/robbie-and-magie/wp-content/plugins/elementor/assets/lib/font-awesome/css/regular.min52d5.css]
[templatekit.jegtheme.com/robbie-and-magie/wp-json/wp/v2/pages/926.json]
[templatekit.jegtheme.com/robbie-and-magie/wp-json/oembed/1.0/embed293c.json]
[templatekit.jegtheme.com/robbie-and-magie/rsvp/index.html]
[templatekit.jegtheme.com/robbie-and-magie/wp-json/oembed/1.0/embed94bb]
[templatekit.jegtheme.com/robbie-and-magie/wp-content/uploads/sites/5/elementor/css/post-12129d34.css]
[templatekit.jegtheme.com/robbie-and-magie/wp-content/uploads/sites/5/elementor/css/post-201214e8.css]
[templatekit.jegtheme.com/robbie-and-magie/wp-content/uploads/sites/5/elementor/css/post-203314e8.css]
[templatekit.jegtheme.com/robbie-and-magie/wp-json/wp/v2/pages/1212.json]
[templatekit.jegtheme.com/robbie-and-magie/wp-json/oembed/1.0/embed44b4.json]
[templatekit.jegtheme.com/robbie-and-magie/wp-json/oembed/1.0/embed4353]
[templatekit.jegtheme.com/robbie-and-magie/gallery/index.html]
[templatekit.jegtheme.com/robbie-and-magie/wp-content/uploads/sites/5/elementor/css/post-1778124a.css]
[templatekit.jegtheme.com/robbie-and-magie/wp-json/wp/v2/pages/1778.json]
[templatekit.jegtheme.com/robbie-and-magie/wp-json/oembed/1.0/embed395b.json]
[templatekit.jegtheme.com/robbie-and-magie/wp-json/oembed/1.0/embed8dcd]
[templatekit.jegtheme.com/robbie-and-magie/wp-content/uploads/sites/5/2020/07/beautiful-bride-and-groom-at-sunset-in-green-natur-P8PLWCQ-e1595822449537.jpg]
[templatekit.jegtheme.com/robbie-and-magie/wp-content/uploads/sites/5/2020/07/beautiful-bride-and-groom-at-sunset-in-green-natur-PMW9WMM.jpg]
[templatekit.jegtheme.com/robbie-and-magie/gallery-justified/index.html]
[templatekit.jegtheme.com/robbie-and-magie/wp-content/uploads/sites/5/2020/07/beautiful-bride-and-groom-at-sunset-in-green-natur-PM8YVNS.jpg]
[templatekit.jegtheme.com/robbie-and-magie/wp-content/uploads/sites/5/2020/07/beautiful-bride-and-groom-at-sunset-in-green-natur-PSP7T5E.jpg]
[templatekit.jegtheme.com/robbie-and-magie/wp-content/uploads/sites/5/elementor/css/post-168314e8.css]
[templatekit.jegtheme.com/robbie-and-magie/wp-json/wp/v2/pages/1683.json]
[templatekit.jegtheme.com/robbie-and-magie/wp-json/oembed/1.0/embed4ca6.json]
[templatekit.jegtheme.com/robbie-and-magie/wp-json/oembed/1.0/embed6b61]
[templatekit.jegtheme.com/robbie-and-magie/our-story/index.html]
[templatekit.jegtheme.com/robbie-and-magie/wp-content/uploads/sites/5/2020/07/beautiful-bride-and-groom-at-sunset-in-green-nature-1-1-e1595822522213.jpg]
[templatekit.jegtheme.com/robbie-and-magie/wp-content/uploads/sites/5/elementor/css/post-10293c03.css]
[templatekit.jegtheme.com/robbie-and-magie/wp-json/wp/v2/pages/1029.json]
[templatekit.jegtheme.com/robbie-and-magie/wp-json/oembed/1.0/embedbcf5.json]
[templatekit.jegtheme.com/robbie-and-magie/wp-json/oembed/1.0/embed295b]
[templatekit.jegtheme.com/robbie-and-magie/how-to-plan-a-beach-destination-wedding/index.html]
[templatekit.jegtheme.com/robbie-and-magie/wp-content/uploads/sites/5/2020/07/wedding-bouquet-e1595735241990.jpg]
[templatekit.jegtheme.com/robbie-and-magie/top-bridal-bouquets-youll-fall-in-love-with/index.html]
[templatekit.jegtheme.com/robbie-and-magie/blog/index.html]
[templatekit.jegtheme.com/robbie-and-magie/how-to-find-the-perfect-wedding-dress/index.html]
[templatekit.jegtheme.com/robbie-and-magie/wp-content/uploads/sites/5/2020/07/bride-groom-guests-posing-for-the-photo-at-wedding-reception-outside-in-the-backyard--e1595815396577.jpg]
[templatekit.jegtheme.com/robbie-and-magie/wp-content/uploads/sites/5/2020/06/wedding-bouquet-e1595823210473.jpg]
[templatekit.jegtheme.com/robbie-and-magie/wp-content/uploads/sites/5/elementor/css/post-972fd6c.css]
[templatekit.jegtheme.com/robbie-and-magie/blog/2/index.html]
[templatekit.jegtheme.com/robbie-and-magie/wp-json/wp/v2/pages/972.json]
[templatekit.jegtheme.com/robbie-and-magie/wp-json/oembed/1.0/embedc43d.json]
[templatekit.jegtheme.com/robbie-and-magie/wp-json/oembed/1.0/embedfd22]
[templatekit.jegtheme.com/robbie-and-magie/contact/index.html]
[templatekit.jegtheme.com/robbie-and-magie/wp-content/uploads/sites/5/elementor/css/post-1002d36b.css]
[templatekit.jegtheme.com/robbie-and-magie/wp-content/uploads/sites/5/2020/07/watercolor_twig_13.png]
[templatekit.jegtheme.com/robbie-and-magie/wp-json/wp/v2/pages/1002.json]
[templatekit.jegtheme.com/robbie-and-magie/contact-2/index.html]
[templatekit.jegtheme.com/robbie-and-magie/wp-content/plugins/jeg-elementor-kit/lib/jeg-framework/assets/css/jeg-dynamic-styles6f3e.css]
[templatekit.jegtheme.com/robbie-and-magie/wp-content/plugins/elementor/assets/lib/e-gallery/css/e-gallery.min7359.css]
[templatekit.jegtheme.com/robbie-and-magie/wp-content/plugins/elementor/assets/lib/animations/animations.minafc7.css]
[templatekit.jegtheme.com/robbie-and-magie/indexe2f2.html]
[templatekit.jegtheme.com/robbie-and-magie/wp-content/plugins/bdthemes-element-pack-lite/assets/images/loading.svg]
[templatekit.jegtheme.com/robbie-and-magie/wp-content/plugins/jeg-elementor-kit/assets/img/letter-x.svg]
[templatekit.jegtheme.com/robbie-and-magie/wp-content/plugins/elementor/assets/lib/eicons/fonts/eicons9506.svg]
[templatekit.jegtheme.com/robbie-and-magie/wp-content/plugins/elementor/assets/lib/font-awesome/webfonts/fa-brands-400.svg]
[templatekit.jegtheme.com/robbie-and-magie/wp-content/plugins/elementor/assets/lib/font-awesome/webfonts/fa-regular-400.svg]
[templatekit.jegtheme.com/robbie-and-magie/wp-content/plugins/elementor/assets/lib/font-awesome/webfonts/fa-solid-900.svg]
[templatekit.jegtheme.com/robbie-and-magie/wp-content/plugins/elementskit-lite/widgets/init/assets/img/cross-out.svg]
[templatekit.jegtheme.com/robbie-and-magie/wp-content/uploads/sites/5/elementor/css/post-507a9a7.css]
[templatekit.jegtheme.com/robbie-and-magie/indexcfe8.html]
[templatekit.jegtheme.com/robbie-and-magie/wp-json/wp/v2/posts/1825.json]
[templatekit.jegtheme.com/robbie-and-magie/wp-json/oembed/1.0/embed8618.json]
[templatekit.jegtheme.com/robbie-and-magie/wp-json/oembed/1.0/embed18ee]
[templatekit.jegtheme.com/robbie-and-magie/wp-content/uploads/sites/5/2020/07/handsome-young-groom-P8PKW7A-square-300x300.jpg]
[templatekit.jegtheme.com/robbie-and-magie/wp-includes/js/comment-reply.min6fb3.js]
[templatekit.jegtheme.com/robbie-and-magie/crazy-easy-steps-to-creating-your-wedding-budget/index.html]
[templatekit.jegtheme.com/robbie-and-magie/wp-json/wp/v2/posts/1821.json]
[templatekit.jegtheme.com/robbie-and-magie/2020/07/22/index.html]
[templatekit.jegtheme.com/robbie-and-magie/our-big-family-finally-gathered/feed/index.html]
[templatekit.jegtheme.com/robbie-and-magie/wp-json/oembed/1.0/embed7ec3.json]
[templatekit.jegtheme.com/robbie-and-magie/our-big-family-finally-gathered/index.html]
[templatekit.jegtheme.com/robbie-and-magie/outdoor-pre-wedding-shoot-locations-in-bali/index.html]
[templatekit.jegtheme.com/robbie-and-magie/wp-content/uploads/sites/5/elementor/css/post-8757f04.css]
[templatekit.jegtheme.com/robbie-and-magie/index527a.html]
[templatekit.jegtheme.com/robbie-and-magie/wp-content/uploads/sites/5/elementor/css/post-926582c.css]
[templatekit.jegtheme.com/robbie-and-magie/wp-content/plugins/elementor/assets/lib/font-awesome/css/regular.min52d5.css]
[templatekit.jegtheme.com/robbie-and-magie/index2b15.html]
[templatekit.jegtheme.com/robbie-and-magie/wp-content/uploads/sites/5/elementor/css/post-12129d34.css]
[templatekit.jegtheme.com/robbie-and-magie/wp-content/uploads/sites/5/elementor/css/post-201214e8.css]
[templatekit.jegtheme.com/robbie-and-magie/wp-content/uploads/sites/5/elementor/css/post-203314e8.css]
[templatekit.jegtheme.com/robbie-and-magie/index7caf.html]
[templatekit.jegtheme.com/robbie-and-magie/wp-content/uploads/sites/5/elementor/css/post-1778124a.css]
[templatekit.jegtheme.com/robbie-and-magie/indexe7e4.html]
[templatekit.jegtheme.com/robbie-and-magie/wp-content/uploads/sites/5/elementor/css/post-168314e8.css]
[templatekit.jegtheme.com/robbie-and-magie/index1762.html]
[templatekit.jegtheme.com/robbie-and-magie/wp-content/uploads/sites/5/elementor/css/post-10293c03.css]
[templatekit.jegtheme.com/robbie-and-magie/indexd589.html]
[templatekit.jegtheme.com/robbie-and-magie/wp-content/uploads/sites/5/2020/07/leaf-ornament-2.png]
[templatekit.jegtheme.com/robbie-and-magie/wp-json/wp/v2/posts/1050.json]
[templatekit.jegtheme.com/robbie-and-magie/how-to-plan-a-beach-destination-wedding/feed/index.html]
[templatekit.jegtheme.com/robbie-and-magie/wp-json/oembed/1.0/embeda988.json]
[templatekit.jegtheme.com/robbie-and-magie/wp-json/oembed/1.0/embed5ee7]
[templatekit.jegtheme.com/robbie-and-magie/how-to-plan-a-beach-destination-wedding/index.html]
[templatekit.jegtheme.com/robbie-and-magie/wp-json/wp/v2/posts/1045.json]
[templatekit.jegtheme.com/robbie-and-magie/2020/07/13/index.html]
[templatekit.jegtheme.com/robbie-and-magie/wp-json/oembed/1.0/embed82ff.json]
[templatekit.jegtheme.com/robbie-and-magie/top-bridal-bouquets-youll-fall-in-love-with/feed/index.html]
[templatekit.jegtheme.com/robbie-and-magie/wp-json/oembed/1.0/embed2fd3]
[templatekit.jegtheme.com/robbie-and-magie/top-bridal-bouquets-youll-fall-in-love-with/index.html]
[templatekit.jegtheme.com/robbie-and-magie/wp-json/wp/v2/posts/1046.json]
[templatekit.jegtheme.com/robbie-and-magie/wp-json/oembed/1.0/embed4686.json]
[templatekit.jegtheme.com/robbie-and-magie/how-to-find-the-perfect-wedding-dress/feed/index.html]
[templatekit.jegtheme.com/robbie-and-magie/wp-json/oembed/1.0/embed3cfc]
[templatekit.jegtheme.com/robbie-and-magie/how-to-find-the-perfect-wedding-dress/index.html]
[templatekit.jegtheme.com/robbie-and-magie/the-biggest-regret-couples-have-about-this/index.html]
[templatekit.jegtheme.com/robbie-and-magie/wp-content/uploads/sites/5/2020/06/turkish-wedding-1.jpg]
[templatekit.jegtheme.com/robbie-and-magie/how-to-plan-a-perfect-wedding-in-moments/index.html]
[templatekit.jegtheme.com/robbie-and-magie/blog/2/index.html]
[templatekit.jegtheme.com/robbie-and-magie/every-bride-should-know-about-planning-a-wedding/index.html]
[templatekit.jegtheme.com/robbie-and-magie/wp-content/uploads/sites/5/2020/06/wedding-couple-2.jpg]
[templatekit.jegtheme.com/robbie-and-magie/blog/3/index.html]
[templatekit.jegtheme.com/robbie-and-magie/wp-content/uploads/sites/5/elementor/css/post-972fd6c.css]
[templatekit.jegtheme.com/robbie-and-magie/indexf843.html]
[templatekit.jegtheme.com/robbie-and-magie/wp-content/uploads/sites/5/elementor/css/post-1002d36b.css]
[templatekit.jegtheme.com/robbie-and-magie/wp-content/uploads/sites/5/2020/07/bg-contact-2.png]
[templatekit.jegtheme.com/robbie-and-magie/template-kit/index.html]
[templatekit.jegtheme.com/robbie-and-magie/wp-content/uploads/sites/5/2020/07/small-white-gypsophila-flowers-on-pastel-yellow-background-women-39-s-day-mother-39-s-day-e1595815432476.jpg]
[templatekit.jegtheme.com/robbie-and-magie/wp-content/uploads/sites/5/elementor/css/post-2039a5ca.css]
[templatekit.jegtheme.com/robbie-and-magie/index1b9e.html]
[templatekit.jegtheme.com/robbie-and-magie/wp-json/oembed/1.0/embed340d]
[templatekit.jegtheme.com/robbie-and-magie/wp-json/oembed/1.0/embedcf3b]
[templatekit.jegtheme.com/robbie-and-magie/crazy-easy-steps-to-creating-your-wedding-budget/feed/index.html]
[templatekit.jegtheme.com/robbie-and-magie/2020/07/22/index.html]
[templatekit.jegtheme.com/robbie-and-magie/index2591.html]
[templatekit.jegtheme.com/robbie-and-magie/wp-content/uploads/sites/5/elementor/css/post-20369d90.css]
[templatekit.jegtheme.com/robbie-and-magie/wp-json/wp/v2/posts/1818]
[templatekit.jegtheme.com/robbie-and-magie/wp-json/oembed/1.0/embed384e]
[templatekit.jegtheme.com/robbie-and-magie/outdoor-pre-wedding-shoot-locations-in-bali/feed/index.html]
[templatekit.jegtheme.com/robbie-and-magie/wp-json/oembed/1.0/embed501b]
[templatekit.jegtheme.com/robbie-and-magie/wp-json/oembed/1.0/embedb981]
[templatekit.jegtheme.com/robbie-and-magie/index93a0.html]
[templatekit.jegtheme.com/robbie-and-magie/2020/07/13/index.html]
[templatekit.jegtheme.com/robbie-and-magie/2020/07/22/page/2/index.html]
[templatekit.jegtheme.com/robbie-and-magie/index44b6.html]
[templatekit.jegtheme.com/robbie-and-magie/index504e.html]
[templatekit.jegtheme.com/robbie-and-magie/2020/07/13/page/2/index.html]
[templatekit.jegtheme.com/robbie-and-magie/wp-json/wp/v2/posts/596.json]
[templatekit.jegtheme.com/robbie-and-magie/wp-content/uploads/sites/5/2020/07/couple-with-bridesmaids-4DMK96U.jpg]
[templatekit.jegtheme.com/robbie-and-magie/the-biggest-regret-couples-have-about-this/feed/index.html]
[templatekit.jegtheme.com/robbie-and-magie/wp-json/oembed/1.0/embedad88.json]
[templatekit.jegtheme.com/robbie-and-magie/wp-json/oembed/1.0/embed3aa9]
[templatekit.jegtheme.com/robbie-and-magie/the-biggest-regret-couples-have-about-this/index.html]
[templatekit.jegtheme.com/robbie-and-magie/wp-json/wp/v2/posts/594.json]
[templatekit.jegtheme.com/robbie-and-magie/2020/07/03/index.html]
[templatekit.jegtheme.com/robbie-and-magie/wp-json/oembed/1.0/embed2836.json]
[templatekit.jegtheme.com/robbie-and-magie/how-to-plan-a-perfect-wedding-in-moments/feed/index.html]
[templatekit.jegtheme.com/robbie-and-magie/wp-json/oembed/1.0/embedd20c]
[templatekit.jegtheme.com/robbie-and-magie/how-to-plan-a-perfect-wedding-in-moments/index.html]
[templatekit.jegtheme.com/robbie-and-magie/wp-json/wp/v2/posts/592.json]
[templatekit.jegtheme.com/robbie-and-magie/every-bride-should-know-about-planning-a-wedding/feed/index.html]
[templatekit.jegtheme.com/robbie-and-magie/wp-json/oembed/1.0/embedba31.json]
[templatekit.jegtheme.com/robbie-and-magie/wp-json/oembed/1.0/embed85b3]
[templatekit.jegtheme.com/robbie-and-magie/every-bride-should-know-about-planning-a-wedding/index.html]
[templatekit.jegtheme.com/robbie-and-magie/blog/3/index.html]
[templatekit.jegtheme.com/robbie-and-magie/index50b4.html]
[templatekit.jegtheme.com/robbie-and-magie/template-kit/index.html]
[templatekit.jegtheme.com/robbie-and-magie/wp-content/plugins/bdthemes-element-pack-lite/images/backgrounds/divider-icon.html]
[templatekit.jegtheme.com/robbie-and-magie/wp-content/plugins/bdthemes-element-pack-lite/images/backgrounds/list-bullet.html]
[templatekit.jegtheme.com/robbie-and-magie/wp-content/plugins/bdthemes-element-pack-lite/images/backgrounds/form-datalist.html]
[templatekit.jegtheme.com/robbie-and-magie/wp-content/uploads/sites/5/elementor/css/post-2039a5ca.css]
[templatekit.jegtheme.com/robbie-and-magie/wp-content/uploads/sites/5/elementor/css/post-20369d90.css]
[templatekit.jegtheme.com/robbie-and-magie/2020/07/22/page/2/index.html]
[templatekit.jegtheme.com/robbie-and-magie/indexb4ea.html]
[templatekit.jegtheme.com/robbie-and-magie/2020/07/13/page/2/index.html]
[templatekit.jegtheme.com/robbie-and-magie/indexbc2b.html]
[templatekit.jegtheme.com/robbie-and-magie/2020/07/03/index.html]
[templatekit.jegtheme.com/robbie-and-magie/index3e9a.html]
[templatekit.jegtheme.com/robbie-and-magie/index568a.html]
[templatekit.jegtheme.com/robbie-and-magie/2020/07/03/page/2/index.html]
[templatekit.jegtheme.com/robbie-and-magie/template-kit/page/2/index.html]
[templatekit.jegtheme.com/robbie-and-magie/template-kit/feed/index.html]
[templatekit.jegtheme.com/robbie-and-magie/template-kit/page/2/index.html]
[templatekit.jegtheme.com/robbie-and-magie/2020/07/03/page/2/index.html]
[templatekit.jegtheme.com/robbie-and-magie/template-kit/page/3/index.html]
[templatekit.jegtheme.com/robbie-and-magie/template-kit/page/3/index.html]
